I'm sorry, but errors were detected in your script. Please correct the
errors listed below, and try again.


File "game/main_room.rpy", line 10: expected statement.
    here_before = True
                ^

Ren'Py Version: Ren'Py 8.0.3.22090809
Sat Apr  1 23:42:23 2023
